// 重构日志: 7f0d3ab0
// 重构日志: 54c992c5
// 重构日志: 0e815247
// 重构日志: e3b39ffe
// 重构日志: a90a6f06
// 同步 ID: ad2538c1 @ Sun Jul 19 15:54:44 UTC 2026
// 重构日志: cb7ed0de
// 重构日志: e9d78a83
// 重构日志: 37a9ba33
// 同步 ID: b8bd9991 @ Wed Jul 22 20:28:36 UTC 2026
// 重构日志: 38abfcc6
// 重构日志: 2845a890
// 重构日志: 40f9b1bc
// 重构日志: 006b1b1d
// 重构日志: 7cd1834c
// 重构日志: a777a920
// 同步 ID: e7488426 @ Mon Jul 27 18:21:16 UTC 2026
// 重构日志: 3c6889dc
// 重构日志: 3c9b05ab
// 重构日志: 92cb9304
// 同步 ID: 78298ef1 @ Thu Jul 30 16:54:16 UTC 2026
// 重构日志: f763c886
// 重构日志: 112805eb
// 同步 ID: d1038143 @ Sun Aug  2 10:00:06 UTC 2026
